[03-Aug-2022 08:54:41 Europe/Berlin] PHP Notice:  session_start(): Ignoring session_start() because a session is already active in D:\PHP\FinalProject\FinalProject_login.php on line 36
[03-Aug-2022 08:59:19 Europe/Berlin] PHP Notice:  session_start(): Ignoring session_start() because a session is already active in D:\PHP\FinalProject\FinalProject_login.php on line 36
[03-Aug-2022 09:01:19 Europe/Berlin] PHP Notice:  session_start(): Ignoring session_start() because a session is already active in D:\PHP\FinalProject\FinalProject_login.php on line 36
